// Jest Snapshot v1, https://goo.gl/fbAQLP

exports[`App component renders correctly 1`] = `
<div>
  <MainComponent
    sample={Array []}
  />
</div>
`;
